// Jest Snapshot v1, https://goo.gl/fbAQLP

exports[`Complete describe Complete snapShot test 1`] = `
VueComponent {
  "$attrs": Object {},
  "$children": Array [],
  "$createElement": [Function],
  "$el": <section>
    <h2>
      모든 폼 작성이 완료되었습니다.
    </h2>
     
    <h3>
      재작성을 원하시면 Restart를 클릭해 주세요.
    </h3>
     
    <h4>
      감사합니다.
    </h4>
  </section>,
  "$listeners": Object {},
  "$options": Object {
    "_Ctor": Object {
      "0": [Function],
    },
    "_base": [Function],
    "components": Object {},
    "directives": Object {},
    "filters": Object {},
    "name": "Complete",
    "render": [Function],
    "staticRenderFns": Array [
      [Function],
    ],
  },
  "$parent": undefined,
  "$refs": Object {},
  "$root": [Circular],
  "$scopedSlots": Object {},
  "$slots": Object {},
  "$vnode": undefined,
  "_c": [Function],
  "_data": Object {},
  "_directInactive": false,
  "_events": Object {},
  "_hasHookEvent": false,
  "_inactive": null,
  "_isBeingDestroyed": false,
  "_isDestroyed": false,
  "_isMounted": true,
  "_isVue": true,
  "_renderProxy": VueComponent {
    "$attrs": Object {},
    "$children": Array [],
    "$createElement": [Function],
    "$el": <section>
      <h2>
        모든 폼 작성이 완료되었습니다.
      </h2>
       
      <h3>
        재작성을 원하시면 Restart를 클릭해 주세요.
      </h3>
       
      <h4>
        감사합니다.
      </h4>
    </section>,
    "$listeners": Object {},
    "$options": Object {
      "_Ctor": Object {
        "0": [Function],
      },
      "_base": [Function],
      "components": Object {},
      "directives": Object {},
      "filters": Object {},
      "name": "Complete",
      "render": [Function],
      "staticRenderFns": Array [
        [Function],
      ],
    },
    "$parent": undefined,
    "$refs": Object {},
    "$root": [Circular],
    "$scopedSlots": Object {},
    "$slots": Object {},
    "$vnode": undefined,
    "_c": [Function],
    "_data": Object {},
    "_directInactive": false,
    "_events": Object {},
    "_hasHookEvent": false,
    "_inactive": null,
    "_isBeingDestroyed": false,
    "_isDestroyed": false,
    "_isMounted": true,
    "_isVue": true,
    "_renderProxy": [Circular],
    "_self": [Circular],
    "_staticTrees": Array [
      VNode {
        "asyncFactory": undefined,
        "asyncMeta": undefined,
        "children": Array [
          VNode {
            "asyncFactory": undefined,
            "asyncMeta": undefined,
            "children": Array [
              VNode {
                "asyncFactory": undefined,
                "asyncMeta": undefined,
                "children": undefined,
                "componentInstance": undefined,
                "componentOptions": undefined,
                "context": undefined,
                "data": undefined,
                "elm": 모든 폼 작성이 완료되었습니다.,
                "fnContext": undefined,
                "fnOptions": undefined,
                "fnScopeId": undefined,
                "isAsyncPlaceholder": false,
                "isCloned": false,
                "isComment": false,
                "isOnce": false,
                "isRootInsert": false,
                "isStatic": false,
                "key": undefined,
                "ns": undefined,
                "parent": undefined,
                "raw": false,
                "tag": undefined,
                "text": "모든 폼 작성이 완료되었습니다.",
              },
            ],
            "componentInstance": undefined,
            "componentOptions": undefined,
            "context": [Circular],
            "data": undefined,
            "elm": <h2>
              모든 폼 작성이 완료되었습니다.
            </h2>,
            "fnContext": undefined,
            "fnOptions": undefined,
            "fnScopeId": undefined,
            "isAsyncPlaceholder": false,
            "isCloned": false,
            "isComment": false,
            "isOnce": false,
            "isRootInsert": false,
            "isStatic": false,
            "key": undefined,
            "ns": undefined,
            "parent": undefined,
            "raw": false,
            "tag": "h2",
            "text": undefined,
          },
          VNode {
            "asyncFactory": undefined,
            "asyncMeta": undefined,
            "children": undefined,
            "componentInstance": undefined,
            "componentOptions": undefined,
            "context": undefined,
            "data": undefined,
            "elm":  ,
            "fnContext": undefined,
            "fnOptions": undefined,
            "fnScopeId": undefined,
            "isAsyncPlaceholder": false,
            "isCloned": false,
            "isComment": false,
            "isOnce": false,
            "isRootInsert": false,
            "isStatic": false,
            "key": undefined,
            "ns": undefined,
            "parent": undefined,
            "raw": false,
            "tag": undefined,
            "text": " ",
          },
          VNode {
            "asyncFactory": undefined,
            "asyncMeta": undefined,
            "children": Array [
              VNode {
                "asyncFactory": undefined,
                "asyncMeta": undefined,
                "children": undefined,
                "componentInstance": undefined,
                "componentOptions": undefined,
                "context": undefined,
                "data": undefined,
                "elm": 재작성을 원하시면 Restart를 클릭해 주세요.,
                "fnContext": undefined,
                "fnOptions": undefined,
                "fnScopeId": undefined,
                "isAsyncPlaceholder": false,
                "isCloned": false,
                "isComment": false,
                "isOnce": false,
                "isRootInsert": false,
                "isStatic": false,
                "key": undefined,
                "ns": undefined,
                "parent": undefined,
                "raw": false,
                "tag": undefined,
                "text": "재작성을 원하시면 Restart를 클릭해 주세요.",
              },
            ],
            "componentInstance": undefined,
            "componentOptions": undefined,
            "context": [Circular],
            "data": undefined,
            "elm": <h3>
              재작성을 원하시면 Restart를 클릭해 주세요.
            </h3>,
            "fnContext": undefined,
            "fnOptions": undefined,
            "fnScopeId": undefined,
            "isAsyncPlaceholder": false,
            "isCloned": false,
            "isComment": false,
            "isOnce": false,
            "isRootInsert": false,
            "isStatic": false,
            "key": undefined,
            "ns": undefined,
            "parent": undefined,
            "raw": false,
            "tag": "h3",
            "text": undefined,
          },
          VNode {
            "asyncFactory": undefined,
            "asyncMeta": undefined,
            "children": undefined,
            "componentInstance": undefined,
            "componentOptions": undefined,
            "context": undefined,
            "data": undefined,
            "elm":  ,
            "fnContext": undefined,
            "fnOptions": undefined,
            "fnScopeId": undefined,
            "isAsyncPlaceholder": false,
            "isCloned": false,
            "isComment": false,
            "isOnce": false,
            "isRootInsert": false,
            "isStatic": false,
            "key": undefined,
            "ns": undefined,
            "parent": undefined,
            "raw": false,
            "tag": undefined,
            "text": " ",
          },
          VNode {
            "asyncFactory": undefined,
            "asyncMeta": undefined,
            "children": Array [
              VNode {
                "asyncFactory": undefined,
                "asyncMeta": undefined,
                "children": undefined,
                "componentInstance": undefined,
                "componentOptions": undefined,
                "context": undefined,
                "data": undefined,
                "elm": 감사합니다.,
                "fnContext": undefined,
                "fnOptions": undefined,
                "fnScopeId": undefined,
                "isAsyncPlaceholder": false,
                "isCloned": false,
                "isComment": false,
                "isOnce": false,
                "isRootInsert": false,
                "isStatic": false,
                "key": undefined,
                "ns": undefined,
                "parent": undefined,
                "raw": false,
                "tag": undefined,
                "text": "감사합니다.",
              },
            ],
            "componentInstance": undefined,
            "componentOptions": undefined,
            "context": [Circular],
            "data": undefined,
            "elm": <h4>
              감사합니다.
            </h4>,
            "fnContext": undefined,
            "fnOptions": undefined,
            "fnScopeId": undefined,
            "isAsyncPlaceholder": false,
            "isCloned": false,
            "isComment": false,
            "isOnce": false,
            "isRootInsert": false,
            "isStatic": false,
            "key": undefined,
            "ns": undefined,
            "parent": undefined,
            "raw": false,
            "tag": "h4",
            "text": undefined,
          },
        ],
        "componentInstance": undefined,
        "componentOptions": undefined,
        "context": [Circular],
        "data": undefined,
        "elm": <section>
          <h2>
            모든 폼 작성이 완료되었습니다.
          </h2>
           
          <h3>
            재작성을 원하시면 Restart를 클릭해 주세요.
          </h3>
           
          <h4>
            감사합니다.
          </h4>
        </section>,
        "fnContext": undefined,
        "fnOptions": undefined,
        "fnScopeId": undefined,
        "isAsyncPlaceholder": false,
        "isCloned": false,
        "isComment": false,
        "isOnce": false,
        "isRootInsert": true,
        "isStatic": true,
        "key": "__static__0",
        "ns": undefined,
        "parent": undefined,
        "raw": false,
        "tag": "section",
        "text": undefined,
      },
    ],
    "_uid": 0,
    "_vnode": VNode {
      "asyncFactory": undefined,
      "asyncMeta": undefined,
      "children": Array [
        VNode {
          "asyncFactory": undefined,
          "asyncMeta": undefined,
          "children": Array [
            VNode {
              "asyncFactory": undefined,
              "asyncMeta": undefined,
              "children": undefined,
              "componentInstance": undefined,
              "componentOptions": undefined,
              "context": undefined,
              "data": undefined,
              "elm": 모든 폼 작성이 완료되었습니다.,
              "fnContext": undefined,
              "fnOptions": undefined,
              "fnScopeId": undefined,
              "isAsyncPlaceholder": false,
              "isCloned": false,
              "isComment": false,
              "isOnce": false,
              "isRootInsert": false,
              "isStatic": false,
              "key": undefined,
              "ns": undefined,
              "parent": undefined,
              "raw": false,
              "tag": undefined,
              "text": "모든 폼 작성이 완료되었습니다.",
            },
          ],
          "componentInstance": undefined,
          "componentOptions": undefined,
          "context": [Circular],
          "data": undefined,
          "elm": <h2>
            모든 폼 작성이 완료되었습니다.
          </h2>,
          "fnContext": undefined,
          "fnOptions": undefined,
          "fnScopeId": undefined,
          "isAsyncPlaceholder": false,
          "isCloned": false,
          "isComment": false,
          "isOnce": false,
          "isRootInsert": false,
          "isStatic": false,
          "key": undefined,
          "ns": undefined,
          "parent": undefined,
          "raw": false,
          "tag": "h2",
          "text": undefined,
        },
        VNode {
          "asyncFactory": undefined,
          "asyncMeta": undefined,
          "children": undefined,
          "componentInstance": undefined,
          "componentOptions": undefined,
          "context": undefined,
          "data": undefined,
          "elm":  ,
          "fnContext": undefined,
          "fnOptions": undefined,
          "fnScopeId": undefined,
          "isAsyncPlaceholder": false,
          "isCloned": false,
          "isComment": false,
          "isOnce": false,
          "isRootInsert": false,
          "isStatic": false,
          "key": undefined,
          "ns": undefined,
          "parent": undefined,
          "raw": false,
          "tag": undefined,
          "text": " ",
        },
        VNode {
          "asyncFactory": undefined,
          "asyncMeta": undefined,
          "children": Array [
            VNode {
              "asyncFactory": undefined,
              "asyncMeta": undefined,
              "children": undefined,
              "componentInstance": undefined,
              "componentOptions": undefined,
              "context": undefined,
              "data": undefined,
              "elm": 재작성을 원하시면 Restart를 클릭해 주세요.,
              "fnContext": undefined,
              "fnOptions": undefined,
              "fnScopeId": undefined,
              "isAsyncPlaceholder": false,
              "isCloned": false,
              "isComment": false,
              "isOnce": false,
              "isRootInsert": false,
              "isStatic": false,
              "key": undefined,
              "ns": undefined,
              "parent": undefined,
              "raw": false,
              "tag": undefined,
              "text": "재작성을 원하시면 Restart를 클릭해 주세요.",
            },
          ],
          "componentInstance": undefined,
          "componentOptions": undefined,
          "context": [Circular],
          "data": undefined,
          "elm": <h3>
            재작성을 원하시면 Restart를 클릭해 주세요.
          </h3>,
          "fnContext": undefined,
          "fnOptions": undefined,
          "fnScopeId": undefined,
          "isAsyncPlaceholder": false,
          "isCloned": false,
          "isComment": false,
          "isOnce": false,
          "isRootInsert": false,
          "isStatic": false,
          "key": undefined,
          "ns": undefined,
          "parent": undefined,
          "raw": false,
          "tag": "h3",
          "text": undefined,
        },
        VNode {
          "asyncFactory": undefined,
          "asyncMeta": undefined,
          "children": undefined,
          "componentInstance": undefined,
          "componentOptions": undefined,
          "context": undefined,
          "data": undefined,
          "elm":  ,
          "fnContext": undefined,
          "fnOptions": undefined,
          "fnScopeId": undefined,
          "isAsyncPlaceholder": false,
          "isCloned": false,
          "isComment": false,
          "isOnce": false,
          "isRootInsert": false,
          "isStatic": false,
          "key": undefined,
          "ns": undefined,
          "parent": undefined,
          "raw": false,
          "tag": undefined,
          "text": " ",
        },
        VNode {
          "asyncFactory": undefined,
          "asyncMeta": undefined,
          "children": Array [
            VNode {
              "asyncFactory": undefined,
              "asyncMeta": undefined,
              "children": undefined,
              "componentInstance": undefined,
              "componentOptions": undefined,
              "context": undefined,
              "data": undefined,
              "elm": 감사합니다.,
              "fnContext": undefined,
              "fnOptions": undefined,
              "fnScopeId": undefined,
              "isAsyncPlaceholder": false,
              "isCloned": false,
              "isComment": false,
              "isOnce": false,
              "isRootInsert": false,
              "isStatic": false,
              "key": undefined,
              "ns": undefined,
              "parent": undefined,
              "raw": false,
              "tag": undefined,
              "text": "감사합니다.",
            },
          ],
          "componentInstance": undefined,
          "componentOptions": undefined,
          "context": [Circular],
          "data": undefined,
          "elm": <h4>
            감사합니다.
          </h4>,
          "fnContext": undefined,
          "fnOptions": undefined,
          "fnScopeId": undefined,
          "isAsyncPlaceholder": false,
          "isCloned": false,
          "isComment": false,
          "isOnce": false,
          "isRootInsert": false,
          "isStatic": false,
          "key": undefined,
          "ns": undefined,
          "parent": undefined,
          "raw": false,
          "tag": "h4",
          "text": undefined,
        },
      ],
      "componentInstance": undefined,
      "componentOptions": undefined,
      "context": [Circular],
      "data": undefined,
      "elm": <section>
        <h2>
          모든 폼 작성이 완료되었습니다.
        </h2>
         
        <h3>
          재작성을 원하시면 Restart를 클릭해 주세요.
        </h3>
         
        <h4>
          감사합니다.
        </h4>
      </section>,
      "fnContext": undefined,
      "fnOptions": undefined,
      "fnScopeId": undefined,
      "isAsyncPlaceholder": false,
      "isCloned": false,
      "isComment": false,
      "isOnce": false,
      "isRootInsert": true,
      "isStatic": true,
      "key": "__static__0",
      "ns": undefined,
      "parent": undefined,
      "raw": false,
      "tag": "section",
      "text": undefined,
    },
    "_watcher": Watcher {
      "active": true,
      "before": [Function],
      "cb": [Function],
      "deep": false,
      "depIds": Set {},
      "deps": Array [],
      "dirty": false,
      "expression": "function () {
      vm._update(vm._render(), hydrating);
    }",
      "getter": [Function],
      "id": 1,
      "lazy": false,
      "newDepIds": Set {},
      "newDeps": Array [],
      "sync": false,
      "user": false,
      "value": undefined,
      "vm": [Circular],
    },
    "_watchers": Array [
      Watcher {
        "active": true,
        "before": [Function],
        "cb": [Function],
        "deep": false,
        "depIds": Set {},
        "deps": Array [],
        "dirty": false,
        "expression": "function () {
      vm._update(vm._render(), hydrating);
    }",
        "getter": [Function],
        "id": 1,
        "lazy": false,
        "newDepIds": Set {},
        "newDeps": Array [],
        "sync": false,
        "user": false,
        "value": undefined,
        "vm": [Circular],
      },
    ],
  },
  "_self": [Circular],
  "_staticTrees": Array [
    VNode {
      "asyncFactory": undefined,
      "asyncMeta": undefined,
      "children": Array [
        VNode {
          "asyncFactory": undefined,
          "asyncMeta": undefined,
          "children": Array [
            VNode {
              "asyncFactory": undefined,
              "asyncMeta": undefined,
              "children": undefined,
              "componentInstance": undefined,
              "componentOptions": undefined,
              "context": undefined,
              "data": undefined,
              "elm": 모든 폼 작성이 완료되었습니다.,
              "fnContext": undefined,
              "fnOptions": undefined,
              "fnScopeId": undefined,
              "isAsyncPlaceholder": false,
              "isCloned": false,
              "isComment": false,
              "isOnce": false,
              "isRootInsert": false,
              "isStatic": false,
              "key": undefined,
              "ns": undefined,
              "parent": undefined,
              "raw": false,
              "tag": undefined,
              "text": "모든 폼 작성이 완료되었습니다.",
            },
          ],
          "componentInstance": undefined,
          "componentOptions": undefined,
          "context": [Circular],
          "data": undefined,
          "elm": <h2>
            모든 폼 작성이 완료되었습니다.
          </h2>,
          "fnContext": undefined,
          "fnOptions": undefined,
          "fnScopeId": undefined,
          "isAsyncPlaceholder": false,
          "isCloned": false,
          "isComment": false,
          "isOnce": false,
          "isRootInsert": false,
          "isStatic": false,
          "key": undefined,
          "ns": undefined,
          "parent": undefined,
          "raw": false,
          "tag": "h2",
          "text": undefined,
        },
        VNode {
          "asyncFactory": undefined,
          "asyncMeta": undefined,
          "children": undefined,
          "componentInstance": undefined,
          "componentOptions": undefined,
          "context": undefined,
          "data": undefined,
          "elm":  ,
          "fnContext": undefined,
          "fnOptions": undefined,
          "fnScopeId": undefined,
          "isAsyncPlaceholder": false,
          "isCloned": false,
          "isComment": false,
          "isOnce": false,
          "isRootInsert": false,
          "isStatic": false,
          "key": undefined,
          "ns": undefined,
          "parent": undefined,
          "raw": false,
          "tag": undefined,
          "text": " ",
        },
        VNode {
          "asyncFactory": undefined,
          "asyncMeta": undefined,
          "children": Array [
            VNode {
              "asyncFactory": undefined,
              "asyncMeta": undefined,
              "children": undefined,
              "componentInstance": undefined,
              "componentOptions": undefined,
              "context": undefined,
              "data": undefined,
              "elm": 재작성을 원하시면 Restart를 클릭해 주세요.,
              "fnContext": undefined,
              "fnOptions": undefined,
              "fnScopeId": undefined,
              "isAsyncPlaceholder": false,
              "isCloned": false,
              "isComment": false,
              "isOnce": false,
              "isRootInsert": false,
              "isStatic": false,
              "key": undefined,
              "ns": undefined,
              "parent": undefined,
              "raw": false,
              "tag": undefined,
              "text": "재작성을 원하시면 Restart를 클릭해 주세요.",
            },
          ],
          "componentInstance": undefined,
          "componentOptions": undefined,
          "context": [Circular],
          "data": undefined,
          "elm": <h3>
            재작성을 원하시면 Restart를 클릭해 주세요.
          </h3>,
          "fnContext": undefined,
          "fnOptions": undefined,
          "fnScopeId": undefined,
          "isAsyncPlaceholder": false,
          "isCloned": false,
          "isComment": false,
          "isOnce": false,
          "isRootInsert": false,
          "isStatic": false,
          "key": undefined,
          "ns": undefined,
          "parent": undefined,
          "raw": false,
          "tag": "h3",
          "text": undefined,
        },
        VNode {
          "asyncFactory": undefined,
          "asyncMeta": undefined,
          "children": undefined,
          "componentInstance": undefined,
          "componentOptions": undefined,
          "context": undefined,
          "data": undefined,
          "elm":  ,
          "fnContext": undefined,
          "fnOptions": undefined,
          "fnScopeId": undefined,
          "isAsyncPlaceholder": false,
          "isCloned": false,
          "isComment": false,
          "isOnce": false,
          "isRootInsert": false,
          "isStatic": false,
          "key": undefined,
          "ns": undefined,
          "parent": undefined,
          "raw": false,
          "tag": undefined,
          "text": " ",
        },
        VNode {
          "asyncFactory": undefined,
          "asyncMeta": undefined,
          "children": Array [
            VNode {
              "asyncFactory": undefined,
              "asyncMeta": undefined,
              "children": undefined,
              "componentInstance": undefined,
              "componentOptions": undefined,
              "context": undefined,
              "data": undefined,
              "elm": 감사합니다.,
              "fnContext": undefined,
              "fnOptions": undefined,
              "fnScopeId": undefined,
              "isAsyncPlaceholder": false,
              "isCloned": false,
              "isComment": false,
              "isOnce": false,
              "isRootInsert": false,
              "isStatic": false,
              "key": undefined,
              "ns": undefined,
              "parent": undefined,
              "raw": false,
              "tag": undefined,
              "text": "감사합니다.",
            },
          ],
          "componentInstance": undefined,
          "componentOptions": undefined,
          "context": [Circular],
          "data": undefined,
          "elm": <h4>
            감사합니다.
          </h4>,
          "fnContext": undefined,
          "fnOptions": undefined,
          "fnScopeId": undefined,
          "isAsyncPlaceholder": false,
          "isCloned": false,
          "isComment": false,
          "isOnce": false,
          "isRootInsert": false,
          "isStatic": false,
          "key": undefined,
          "ns": undefined,
          "parent": undefined,
          "raw": false,
          "tag": "h4",
          "text": undefined,
        },
      ],
      "componentInstance": undefined,
      "componentOptions": undefined,
      "context": [Circular],
      "data": undefined,
      "elm": <section>
        <h2>
          모든 폼 작성이 완료되었습니다.
        </h2>
         
        <h3>
          재작성을 원하시면 Restart를 클릭해 주세요.
        </h3>
         
        <h4>
          감사합니다.
        </h4>
      </section>,
      "fnContext": undefined,
      "fnOptions": undefined,
      "fnScopeId": undefined,
      "isAsyncPlaceholder": false,
      "isCloned": false,
      "isComment": false,
      "isOnce": false,
      "isRootInsert": true,
      "isStatic": true,
      "key": "__static__0",
      "ns": undefined,
      "parent": undefined,
      "raw": false,
      "tag": "section",
      "text": undefined,
    },
  ],
  "_uid": 0,
  "_vnode": VNode {
    "asyncFactory": undefined,
    "asyncMeta": undefined,
    "children": Array [
      VNode {
        "asyncFactory": undefined,
        "asyncMeta": undefined,
        "children": Array [
          VNode {
            "asyncFactory": undefined,
            "asyncMeta": undefined,
            "children": undefined,
            "componentInstance": undefined,
            "componentOptions": undefined,
            "context": undefined,
            "data": undefined,
            "elm": 모든 폼 작성이 완료되었습니다.,
            "fnContext": undefined,
            "fnOptions": undefined,
            "fnScopeId": undefined,
            "isAsyncPlaceholder": false,
            "isCloned": false,
            "isComment": false,
            "isOnce": false,
            "isRootInsert": false,
            "isStatic": false,
            "key": undefined,
            "ns": undefined,
            "parent": undefined,
            "raw": false,
            "tag": undefined,
            "text": "모든 폼 작성이 완료되었습니다.",
          },
        ],
        "componentInstance": undefined,
        "componentOptions": undefined,
        "context": [Circular],
        "data": undefined,
        "elm": <h2>
          모든 폼 작성이 완료되었습니다.
        </h2>,
        "fnContext": undefined,
        "fnOptions": undefined,
        "fnScopeId": undefined,
        "isAsyncPlaceholder": false,
        "isCloned": false,
        "isComment": false,
        "isOnce": false,
        "isRootInsert": false,
        "isStatic": false,
        "key": undefined,
        "ns": undefined,
        "parent": undefined,
        "raw": false,
        "tag": "h2",
        "text": undefined,
      },
      VNode {
        "asyncFactory": undefined,
        "asyncMeta": undefined,
        "children": undefined,
        "componentInstance": undefined,
        "componentOptions": undefined,
        "context": undefined,
        "data": undefined,
        "elm":  ,
        "fnContext": undefined,
        "fnOptions": undefined,
        "fnScopeId": undefined,
        "isAsyncPlaceholder": false,
        "isCloned": false,
        "isComment": false,
        "isOnce": false,
        "isRootInsert": false,
        "isStatic": false,
        "key": undefined,
        "ns": undefined,
        "parent": undefined,
        "raw": false,
        "tag": undefined,
        "text": " ",
      },
      VNode {
        "asyncFactory": undefined,
        "asyncMeta": undefined,
        "children": Array [
          VNode {
            "asyncFactory": undefined,
            "asyncMeta": undefined,
            "children": undefined,
            "componentInstance": undefined,
            "componentOptions": undefined,
            "context": undefined,
            "data": undefined,
            "elm": 재작성을 원하시면 Restart를 클릭해 주세요.,
            "fnContext": undefined,
            "fnOptions": undefined,
            "fnScopeId": undefined,
            "isAsyncPlaceholder": false,
            "isCloned": false,
            "isComment": false,
            "isOnce": false,
            "isRootInsert": false,
            "isStatic": false,
            "key": undefined,
            "ns": undefined,
            "parent": undefined,
            "raw": false,
            "tag": undefined,
            "text": "재작성을 원하시면 Restart를 클릭해 주세요.",
          },
        ],
        "componentInstance": undefined,
        "componentOptions": undefined,
        "context": [Circular],
        "data": undefined,
        "elm": <h3>
          재작성을 원하시면 Restart를 클릭해 주세요.
        </h3>,
        "fnContext": undefined,
        "fnOptions": undefined,
        "fnScopeId": undefined,
        "isAsyncPlaceholder": false,
        "isCloned": false,
        "isComment": false,
        "isOnce": false,
        "isRootInsert": false,
        "isStatic": false,
        "key": undefined,
        "ns": undefined,
        "parent": undefined,
        "raw": false,
        "tag": "h3",
        "text": undefined,
      },
      VNode {
        "asyncFactory": undefined,
        "asyncMeta": undefined,
        "children": undefined,
        "componentInstance": undefined,
        "componentOptions": undefined,
        "context": undefined,
        "data": undefined,
        "elm":  ,
        "fnContext": undefined,
        "fnOptions": undefined,
        "fnScopeId": undefined,
        "isAsyncPlaceholder": false,
        "isCloned": false,
        "isComment": false,
        "isOnce": false,
        "isRootInsert": false,
        "isStatic": false,
        "key": undefined,
        "ns": undefined,
        "parent": undefined,
        "raw": false,
        "tag": undefined,
        "text": " ",
      },
      VNode {
        "asyncFactory": undefined,
        "asyncMeta": undefined,
        "children": Array [
          VNode {
            "asyncFactory": undefined,
            "asyncMeta": undefined,
            "children": undefined,
            "componentInstance": undefined,
            "componentOptions": undefined,
            "context": undefined,
            "data": undefined,
            "elm": 감사합니다.,
            "fnContext": undefined,
            "fnOptions": undefined,
            "fnScopeId": undefined,
            "isAsyncPlaceholder": false,
            "isCloned": false,
            "isComment": false,
            "isOnce": false,
            "isRootInsert": false,
            "isStatic": false,
            "key": undefined,
            "ns": undefined,
            "parent": undefined,
            "raw": false,
            "tag": undefined,
            "text": "감사합니다.",
          },
        ],
        "componentInstance": undefined,
        "componentOptions": undefined,
        "context": [Circular],
        "data": undefined,
        "elm": <h4>
          감사합니다.
        </h4>,
        "fnContext": undefined,
        "fnOptions": undefined,
        "fnScopeId": undefined,
        "isAsyncPlaceholder": false,
        "isCloned": false,
        "isComment": false,
        "isOnce": false,
        "isRootInsert": false,
        "isStatic": false,
        "key": undefined,
        "ns": undefined,
        "parent": undefined,
        "raw": false,
        "tag": "h4",
        "text": undefined,
      },
    ],
    "componentInstance": undefined,
    "componentOptions": undefined,
    "context": [Circular],
    "data": undefined,
    "elm": <section>
      <h2>
        모든 폼 작성이 완료되었습니다.
      </h2>
       
      <h3>
        재작성을 원하시면 Restart를 클릭해 주세요.
      </h3>
       
      <h4>
        감사합니다.
      </h4>
    </section>,
    "fnContext": undefined,
    "fnOptions": undefined,
    "fnScopeId": undefined,
    "isAsyncPlaceholder": false,
    "isCloned": false,
    "isComment": false,
    "isOnce": false,
    "isRootInsert": true,
    "isStatic": true,
    "key": "__static__0",
    "ns": undefined,
    "parent": undefined,
    "raw": false,
    "tag": "section",
    "text": undefined,
  },
  "_watcher": Watcher {
    "active": true,
    "before": [Function],
    "cb": [Function],
    "deep": false,
    "depIds": Set {},
    "deps": Array [],
    "dirty": false,
    "expression": "function () {
      vm._update(vm._render(), hydrating);
    }",
    "getter": [Function],
    "id": 1,
    "lazy": false,
    "newDepIds": Set {},
    "newDeps": Array [],
    "sync": false,
    "user": false,
    "value": undefined,
    "vm": [Circular],
  },
  "_watchers": Array [
    Watcher {
      "active": true,
      "before": [Function],
      "cb": [Function],
      "deep": false,
      "depIds": Set {},
      "deps": Array [],
      "dirty": false,
      "expression": "function () {
      vm._update(vm._render(), hydrating);
    }",
      "getter": [Function],
      "id": 1,
      "lazy": false,
      "newDepIds": Set {},
      "newDeps": Array [],
      "sync": false,
      "user": false,
      "value": undefined,
      "vm": [Circular],
    },
  ],
}
`;
